files/51.csv
id,week,center_id,meal_id,checkout_price,base_price,emailer_for_promotion,homepage_featured,num_orders
1459084,1,51,1803,213.43,212.43,0,0,324
1002243,2,51,1803,193.09,212.43,0,0,134
1059694,3,51,1803,152.32,214.43,0,0,256
1437573,4,51,1803,143.62,213.43,0,0,243
1223031,5,51,1803,189.15,214.43,0,0,338
1060573,6,51,1803,182.42,213.43,0,0,312
1498308,7,51,1803,184.36,214.43,0,0,283
1365270,8,51,1803,136.83,136.83,0,0,256
1115106,9,51,1803,169.78,169.78,0,0,229
1436183,10,51,1803,161.05,162.05,0,0,82
1460230,11,51,1803,137.77,160.05,0,0,188
1074704,12,51,1803,161.05,162.05,0,0,136
1362235,13,51,1803,169.75,171.75,0,0,203
1240142,14,51,1803,203.73,203.73,0,0,150
1142937,15,51,1803,141.62,202.73,0,0,242
1443949,16,51,1803,153.32,202.73,0,0,258
1016725,17,51,1803,207.64,206.64,0,0,188
1027611,18,51,1803,183.36,206.64,0,0,189
1208929,19,51,1803,152.32,206.64,0,0,256
1498287,20,51,1803,160.05,206.64,0,0,189
1109149,21,51,1803,241.59,240.59,0,0,54
1305056,22,51,1803,161.05,240.59,0,0,244
1279602,23,51,1803,195.94,239.59,0,0,175
1191223,24,51,1803,170.75,241.59,0,0,203
1115002,25,51,1803,174.63,240.59,0,0,150
1101728,26,51,1803,88.3,239.59,0,0,150
1053431,27,51,1803,125.19,241.59,0,0,177
1135362,28,51,1803,177.51,178.51,0,0,121
1284819,29,51,1803,173.69,173.69,0,0,175
1161688,30,51,1803,193.09,192.09,0,0,204
1317508,31,51,1803,192.09,192.09,0,0,203
1147548,32,51,1803,128.04,193.09,0,0,134
1101303,33,51,1803,183.36,184.36,0,0,190
1210487,34,51,1803,151.32,182.36,0,0,258
1086527,35,51,1803,177.51,179.51,0,0,243
1195330,36,51,1803,171.69,173.69,0,0,175
1270226,37,51,1803,130.04,173.69,0,0,202
1423997,38,51,1803,160.05,162.05,0,0,242
1384999,39,51,1803,162.05,162.05,0,0,350
1183387,40,51,1803,117.4,161.05,0,0,150
1381074,41,51,1803,182.36,184.36,0,0,189
1060330,42,51,1803,117.37,183.36,0,0,258
1320711,43,51,1803,141.68,182.36,0,0,215
1216492,44,51,1803,145.5,184.36,0,0,298
1104641,45,51,1803,175.63,175.63,0,0,297
1087359,46,51,1803,174.63,175.63,0,0,445
1301236,47,51,1803,186.24,186.24,0,0,161
1173445,48,51,1803,184.3,185.3,0,0,350
1132056,49,51,1803,162.05,184.3,0,0,296
1127279,50,51,1803,169.78,168.78,0,0,231
1431232,51,51,1803,179.45,181.45,0,0,217
1272197,52,51,1803,178.51,179.51,0,0,244
1387255,53,51,1803,192.09,193.09,0,0,134
1334786,54,51,1803,175.63,174.63,0,0,150
1125695,55,51,1803,161.05,162.05,0,0,135
1110367,56,51,1803,179.51,179.51,0,0,122
1375136,57,51,1803,171.69,172.69,0,0,176
1007555,58,51,1803,169.81,169.81,0,0,257
1061443,59,51,1803,162.05,161.05,0,0,53
1298460,60,51,1803,151.32,151.32,0,0,257
1062641,61,51,1803,160.05,162.05,0,0,161
1323590,62,51,1803,175.63,173.63,0,0,148
1126955,63,51,1803,135.83,174.63,0,0,256
1463221,64,51,1803,161.05,161.05,0,0,242
1460427,65,51,1803,106.7,161.05,0,0,80
1005558,66,51,1803,191.09,191.09,0,0,135
1049608,67,51,1803,170.75,191.09,0,0,204
1207356,68,51,1803,192.09,191.09,0,0,136
1279018,69,51,1803,150.38,193.09,0,0,203
1034112,70,51,1803,140.68,191.09,0,0,215
1017731,71,51,1803,166.84,192.09,0,0,285
1026158,72,51,1803,106.7,191.09,0,0,161
1193607,73,51,1803,162.05,191.09,0,0,217
1108522,74,51,1803,183.36,183.36,0,0,94
1410305,75,51,1803,160.05,182.36,0,0,215
1485315,76,51,1803,136.77,183.36,0,0,96
1296663,77,51,1803,162.05,183.36,0,0,244
1042599,78,51,1803,160.05,184.36,0,0,163
1201806,79,51,1803,201.82,199.82,0,0,109
1272057,80,51,1803,188.24,187.24,0,0,161
1047558,81,51,1803,196.94,196.94,0,0,176
1101901,82,51,1803,177.51,177.51,0,0,121
1039578,83,51,1803,184.36,183.36,0,0,190
1020553,84,51,1803,147.5,183.36,0,0,297
1383653,85,51,1803,162.05,184.36,0,0,80
1381782,86,51,1803,138.77,184.36,0,0,96
1036575,87,51,1803,266.78,266.78,0,0,81
1245307,88,51,1803,202.73,265.78,0,0,148
1323917,89,51,1803,142.62,267.78,0,0,121
1056850,90,51,1803,196.94,266.78,0,0,175
1417542,91,51,1803,161.05,265.78,0,0,217
1273189,92,51,1803,169.81,267.78,0,0,258
1445582,93,51,1803,257.11,257.11,0,0,69
1414591,94,51,1803,162.05,255.11,0,0,54
1326649,95,51,1803,161.05,256.11,0,0,163
1440775,96,51,1803,123.19,257.11,0,0,177
1012638,97,51,1803,174.63,257.11,0,0,150
1135762,98,51,1803,151.35,255.11,0,0,230
1083278,99,51,1803,141.68,257.11,0,0,217
1217632,100,51,1803,195.97,195.97,0,0,242
1485884,101,51,1803,192.09,193.09,0,0,271
1044497,102,51,1803,175.57,176.57,0,0,271
1122244,103,51,1803,160.05,160.05,0,0,161
1166716,104,51,1803,161.05,160.05,0,0,135
1353751,105,51,1803,172.69,171.69,0,0,177
1032359,106,51,1803,137.77,172.69,0,0,283
1002372,107,51,1803,162.05,161.05,0,0,53
1001721,108,51,1803,137.77,160.05,0,0,190
1209427,109,51,1803,195,194,0,0,312
1136079,110,51,1803,195.94,196.94,0,0,177
1048880,111,51,1803,173.63,195.94,0,0,42
1025733,112,51,1803,161.05,197.94,0,0,69
1340987,113,51,1803,178.51,178.51,0,0,243
1065086,114,51,1803,178.51,177.51,0,0,242
1282208,115,51,1803,150.38,178.51,0,0,203
1094117,116,51,1803,161.05,179.51,0,0,136
1315045,117,51,1803,178.51,179.51,0,0,364
1352528,118,51,1803,150.35,178.51,0,0,123
1227894,119,51,1803,197.88,197.88,0,0,163
1488543,120,51,1803,169.75,198.88,0,0,216
1328350,121,51,1803,199.85,199.85,0,0,230
1116044,122,51,1803,152.35,200.85,0,0,243
1390844,123,51,1803,249.32,250.32,0,0,202
1203883,124,51,1803,197.88,250.32,0,0,161
1250658,125,51,1803,102.85,250.32,0,0,134
1492468,126,51,1803,196.97,248.32,0,0,351
1288899,127,51,1803,184.36,249.32,0,0,176
1158260,128,51,1803,170.75,250.32,0,0,271
1253778,129,51,1803,171.75,248.32,0,0,162
1101293,130,51,1803,193.03,195.03,0,0,284
1110519,131,51,1803,171.75,194.03,0,0,216
1124206,132,51,1803,248.38,247.38,0,0,148
1392604,133,51,1803,169.75,248.38,0,0,244
1135037,134,51,1803,181.42,248.38,0,0,204
1296201,135,51,1803,278.42,277.42,0,0,148
1346370,136,51,1803,180.42,278.42,0,0,204
1069468,137,51,1803,140.65,278.42,0,0,162
1344908,138,51,1803,179.45,278.42,0,0,229
1415342,139,51,1803,189.18,278.42,0,0,243
1054343,140,51,1803,145.5,278.42,0,0,95
1138782,141,51,1803,190.18,277.42,0,0,122
1407041,142,51,1803,171.75,170.75,0,0,82
1088876,143,51,1803,151.35,169.75,0,0,243
1359500,144,51,1803,147.5,171.75,0,0,188
1377620,145,51,1803,226.01,227.01,0,0,161
1405781,1,51,1438,244.5,272.63,0,0,67
1484384,2,51,1438,242.5,270.63,0,0,81
1222255,3,51,1438,243.5,271.63,0,0,203
1421256,4,51,1438,242.5,272.63,0,0,69
1379231,5,51,1438,244.5,271.63,0,0,69
1374771,6,51,1438,244.5,271.63,0,0,242
1415915,7,51,1438,243.5,242.5,0,0,96
1016411,8,51,1438,244.5,242.5,0,0,109
1373318,9,51,1438,270.63,271.63,0,0,67
1441477,10,51,1438,272.63,270.63,0,0,81
1252733,11,51,1438,272.63,271.63,0,0,15
1124067,12,51,1438,270.63,270.63,0,0,28
1465082,13,51,1438,242.5,272.63,0,0,67
1059858,14,51,1438,242.5,271.63,0,0,95
1093350,15,51,1438,244.5,270.63,0,0,107
1045857,16,51,1438,242.5,271.63,0,0,53
1035987,17,51,1438,243.5,271.63,0,0,121
1261402,18,51,1438,243.5,270.63,0,0,94
1246584,19,51,1438,244.5,243.5,0,0,81
1469974,20,51,1438,242.5,243.5,0,0,82
1345362,21,51,1438,244.5,244.5,0,0,109
1439352,22,51,1438,242.5,244.5,0,0,134
1399912,23,51,1438,243.5,244.5,0,0,53
1434215,24,51,1438,244.5,243.5,0,0,40
1200597,25,51,1438,244.5,244.5,0,0,67
1055733,26,51,1438,244.5,243.5,0,0,94
1216569,27,51,1438,244.5,243.5,0,0,42
1073070,28,51,1438,243.5,244.5,0,0,95
1206474,29,51,1438,194,243.5,0,0,122
1069942,30,51,1438,195,243.5,0,0,122
1245899,31,51,1438,196,242.5,0,0,109
1324204,32,51,1438,196,242.5,0,0,68
1459503,33,51,1438,258.08,258.08,0,0,68
1244946,34,51,1438,257.08,256.08,0,0,69
1094035,35,51,1438,258.99,260.99,0,0,68
1341998,36,51,1438,257.08,256.08,0,0,40
1076845,37,51,1438,196,258.08,0,0,136
1174207,38,51,1438,193.09,258.08,0,0,82
1162824,39,51,1438,204.73,257.08,0,0,121
1242381,40,51,1438,196,256.08,0,0,121
1185258,41,51,1438,217.28,256.08,0,0,80
1136194,42,51,1438,217.28,257.08,0,0,135
1389302,43,51,1438,219.28,217.28,0,0,81
1276655,44,51,1438,217.28,218.28,0,0,42
1297590,45,51,1438,233.8,233.8,0,0,40
1013061,46,51,1438,232.8,233.8,0,0,69
1088597,47,51,1438,234.8,234.8,0,0,81
1159271,48,51,1438,233.8,234.8,0,0,80
1427094,49,51,1438,243.47,245.47,0,0,162
1398743,50,51,1438,242.56,242.56,0,0,134
1136719,51,51,1438,242.56,242.56,0,0,284
1119001,52,51,1438,241.56,242.56,0,0,150
1122966,53,51,1438,242.56,240.56,0,0,95
1379329,54,51,1438,241.56,241.56,0,0,67
1420262,55,51,1438,241.56,240.56,0,0,42
1170986,56,51,1438,241.56,241.56,0,0,82
1146683,57,51,1438,243.53,242.53,0,0,40
1287428,58,51,1438,241.53,242.53,0,0,69
1444097,59,51,1438,242.53,241.53,0,0,15
1030318,60,51,1438,242.53,243.53,0,0,80
1444691,61,51,1438,243.53,241.53,0,0,107
1383786,62,51,1438,242.53,242.53,0,0,96
1005849,63,51,1438,241.53,243.53,0,0,81
1217491,64,51,1438,243.53,242.53,0,0,95
1205961,65,51,1438,241.53,242.53,0,0,122
1349624,66,51,1438,242.53,242.53,0,0,81
1026854,67,51,1438,241.53,242.53,0,0,14
1297467,68,51,1438,242.53,242.53,0,0,67
1405452,69,51,1438,232.83,232.83,0,0,68
1330317,70,51,1438,228.98,228.98,0,0,67
1264878,71,51,1438,233.83,233.83,0,0,53
1216325,72,51,1438,233.83,232.83,0,0,69
1467401,73,51,1438,233.83,231.83,0,0,80
1338053,74,51,1438,232.83,231.83,0,0,26
1278498,75,51,1438,232.83,231.83,0,0,54
1005585,76,51,1438,233.83,231.83,0,0,14
1151159,77,51,1438,231.83,233.83,0,0,134
1162795,78,51,1438,232.83,232.83,0,0,82
1208826,79,51,1438,232.83,232.83,0,0,80
1045247,80,51,1438,233.83,231.83,0,0,53
1087128,81,51,1438,228.98,227.98,0,0,107
1382115,82,51,1438,212.43,213.43,0,0,40
1152958,83,51,1438,212.43,214.43,0,0,123
1102237,84,51,1438,212.43,214.43,0,0,68
1437794,85,51,1438,222.16,223.16,0,0,96
1240605,86,51,1438,213.43,214.43,0,0,80
1335463,87,51,1438,214.43,213.43,0,0,54
1175990,88,51,1438,212.43,212.43,0,0,108
1345987,89,51,1438,214.43,214.43,0,0,123
1395365,90,51,1438,212.43,214.43,0,0,81
1456268,91,51,1438,212.43,212.43,0,0,109
1491550,92,51,1438,214.43,213.43,0,0,107
1286824,93,51,1438,196,194,0,0,190
1184834,94,51,1438,195,195,0,0,134
1249985,95,51,1438,196,194,0,0,82
1156157,96,51,1438,196,195,0,0,121
1274919,97,51,1438,195,196,0,0,123
1103253,98,51,1438,194,195,0,0,94
1020634,99,51,1438,194,194,0,0,177
1298658,100,51,1438,196,196,0,0,244
1398404,101,51,1438,194,195,0,0,231
1161003,102,51,1438,196,194,0,0,337
1486580,103,51,1438,195,194,0,0,311
1025409,104,51,1438,195,196,0,1,258
1167839,105,51,1438,243.5,244.5,0,0,96
1028813,106,51,1438,242.5,243.5,0,0,80
1099220,107,51,1438,242.5,242.5,0,0,81
1443585,108,51,1438,243.5,242.5,0,0,96
1201160,109,51,1438,242.5,242.5,0,0,53
1143702,110,51,1438,244.5,243.5,0,0,95
1256232,111,51,1438,245.44,245.44,0,0,94
1180696,112,51,1438,244.5,243.5,0,0,94
1367649,113,51,1438,242.5,242.5,0,0,149
1218663,114,51,1438,242.5,242.5,0,0,136
1288277,115,51,1438,242.5,242.5,0,0,82
1413880,116,51,1438,244.5,243.5,0,0,82
1307830,117,51,1438,195,242.5,0,0,148
1304397,118,51,1438,194,242.5,0,0,54
1184068,119,51,1438,195,244.5,0,0,54
1221843,120,51,1438,194,242.5,0,0,121
1493980,121,51,1438,196,242.5,0,0,121
1495806,122,51,1438,195,242.5,0,0,204
1423424,123,51,1438,195,195,0,0,108
1125887,124,51,1438,194,195,0,0,96
1348614,125,51,1438,194,194,0,0,177
1398634,126,51,1438,194,195,0,0,81
1188155,127,51,1438,196,194,0,0,96
1392785,128,51,1438,196,196,0,0,150
1355973,129,51,1438,194,194,0,0,82
1294143,130,51,1438,196,194,0,0,135
1348787,131,51,1438,196,194,0,0,80
1267975,132,51,1438,194,196,0,0,162
1023968,133,51,1438,194,196,0,0,95
1148192,134,51,1438,194,196,0,0,162
1040330,135,51,1438,196,194,0,0,121
1381814,136,51,1438,195,194,0,0,135
1429197,137,51,1438,196,195,0,0,163
1310431,138,51,1438,194,195,0,0,95
1499743,139,51,1438,194,195,0,0,69
1020626,140,51,1438,195,195,0,0,202
1165917,141,51,1438,196,195,0,0,80
1443815,142,51,1438,194,195,0,0,122
1423795,143,51,1438,196,194,0,0,94
1158084,144,51,1438,196,196,0,0,54
1407931,145,51,1438,194,195,0,0,42
1428810,1,51,2494,242.5,272.63,0,0,80
1469175,2,51,2494,242.5,272.63,0,0,26
1440596,3,51,2494,242.5,272.63,0,0,108
1395573,4,51,2494,244.5,272.63,0,0,96
1031926,5,51,2494,242.5,271.63,0,0,95
1260695,6,51,2494,242.5,270.63,0,0,175
1038724,7,51,2494,242.5,242.5,0,0,123
1236717,8,51,2494,244.5,243.5,0,0,135
1147701,9,51,2494,272.63,270.63,0,0,68
1171997,10,51,2494,272.63,270.63,0,0,55
1471433,11,51,2494,270.63,272.63,0,0,42
1282982,12,51,2494,271.63,270.63,0,0,42
1441635,13,51,2494,243.5,271.63,0,0,80
1358628,14,51,2494,242.5,270.63,0,0,68
1452879,15,51,2494,243.5,271.63,0,0,109
1368150,16,51,2494,244.5,271.63,0,0,54
1447362,17,51,2494,243.5,271.63,0,0,69
1109237,18,51,2494,242.5,271.63,0,0,40
1284317,19,51,2494,246.38,246.38,0,0,94
1488417,20,51,2494,243.5,244.5,0,0,109
1101355,21,51,2494,243.5,243.5,0,0,40
1205879,22,51,2494,242.5,242.5,0,0,96
1458172,23,51,2494,242.5,244.5,0,0,67
1312027,24,51,2494,242.5,243.5,0,0,26
1209455,25,51,2494,243.5,244.5,0,0,42
1007932,26,51,2494,242.5,243.5,0,0,94
1487641,27,51,2494,243.5,244.5,0,0,69
1043831,28,51,2494,243.5,243.5,0,0,40
1107473,29,51,2494,196,244.5,0,0,109
1328543,30,51,2494,195,244.5,0,0,148
1470900,31,51,2494,195,244.5,0,0,94
1163939,32,51,2494,196,242.5,0,0,134
1430003,33,51,2494,258.08,257.08,0,0,68
1006313,34,51,2494,257.08,257.08,0,0,96
1384068,35,51,2494,258.08,258.08,0,0,80
1331185,36,51,2494,257.08,256.08,0,0,95
1228863,37,51,2494,194,257.08,0,0,82
1066491,38,51,2494,195,256.08,0,0,81
1393414,39,51,2494,196,256.08,0,0,67
1000976,40,51,2494,195,256.08,0,0,80
1044855,41,51,2494,218.28,256.08,0,0,80
1377432,42,51,2494,218.28,256.08,0,0,135
1460163,43,51,2494,219.28,217.28,0,0,82
1494849,44,51,2494,217.28,218.28,0,0,94
1298797,45,51,2494,233.8,232.8,0,0,67
1154144,46,51,2494,233.8,232.8,0,0,54
1014974,47,51,2494,234.8,234.8,0,0,134
1233885,48,51,2494,233.8,232.8,0,0,123
1443977,49,51,2494,242.56,242.56,0,0,53
1256371,50,51,2494,241.56,240.56,0,0,215
1369903,51,51,2494,241.56,241.56,0,0,123
1304842,52,51,2494,240.56,242.56,0,0,82
1363623,53,51,2494,241.56,242.56,0,0,82
1254924,54,51,2494,240.56,242.56,0,0,67
1063243,55,51,2494,240.56,241.56,0,0,55
1024738,56,51,2494,240.56,241.56,0,0,67
1150328,57,51,2494,242.53,241.53,0,0,42
1095990,58,51,2494,242.53,242.53,0,0,67
1290784,59,51,2494,241.53,241.53,0,0,55
1417608,60,51,2494,241.53,243.53,0,0,121
1026352,61,51,2494,242.53,242.53,0,0,68
1197668,62,51,2494,243.53,243.53,0,0,27
1085946,63,51,2494,242.53,243.53,0,0,94
1099359,64,51,2494,241.53,241.53,0,0,40
1018620,65,51,2494,242.53,243.53,0,0,40
1188593,66,51,2494,241.53,242.53,0,0,41
1484632,67,51,2494,241.53,242.53,0,0,69
1031612,68,51,2494,243.53,243.53,0,0,54
1376484,69,51,2494,232.83,232.83,0,0,55
1151877,70,51,2494,232.83,231.83,0,0,53
1208484,71,51,2494,231.83,232.83,0,0,135
1363363,72,51,2494,231.83,232.83,0,0,42
1434961,73,51,2494,232.83,233.83,0,0,95
1218963,74,51,2494,233.83,231.83,0,0,108
1248588,75,51,2494,231.83,232.83,0,0,54
1498468,76,51,2494,231.83,233.83,0,0,68
1461442,77,51,2494,231.83,232.83,0,0,80
1095050,78,51,2494,231.83,233.83,0,0,203
1072495,79,51,2494,231.83,231.83,0,0,26
1305965,80,51,2494,231.83,232.83,0,0,122
1063578,81,51,2494,213.43,214.43,0,0,108
1257775,82,51,2494,214.43,213.43,0,0,202
1294963,83,51,2494,212.43,213.43,0,0,107
1203597,84,51,2494,214.43,213.43,0,0,82
1337758,85,51,2494,212.43,214.43,0,0,107
1403420,86,51,2494,214.43,213.43,0,0,108
1339543,87,51,2494,213.43,214.43,0,0,81
1217095,88,51,2494,213.43,214.43,0,0,95
1183670,89,51,2494,213.43,213.43,0,0,96
1138662,90,51,2494,213.43,212.43,0,0,96
1112410,91,51,2494,212.43,214.43,0,0,108
1169577,92,51,2494,213.43,213.43,0,0,148
1401688,93,51,2494,196,194,0,0,162
1489566,94,51,2494,195,194,0,0,135
1301214,95,51,2494,195,194,0,0,150
1354831,96,51,2494,196,195,0,0,80
1231790,97,51,2494,194,196,0,0,107
1171250,98,51,2494,196,195,0,0,96
1382017,99,51,2494,199.85,200.85,0,0,203
1124317,100,51,2494,195,196,0,0,122
1295494,101,51,2494,194,194,0,0,243
1045962,102,51,2494,195,194,0,0,122
1156738,103,51,2494,196,195,0,0,96
1091533,104,51,2494,195,194,0,1,95
1025679,105,51,2494,242.5,242.5,0,0,81
1348766,106,51,2494,242.5,244.5,0,0,81
1457197,107,51,2494,243.5,242.5,0,0,81
1414221,108,51,2494,244.5,242.5,0,0,69
1178771,109,51,2494,244.5,242.5,0,0,95
1059669,110,51,2494,242.5,242.5,0,0,80
1058399,111,51,2494,242.5,242.5,0,0,69
1296724,112,51,2494,242.5,243.5,0,0,41
1237626,113,51,2494,244.5,242.5,0,0,67
1225756,114,51,2494,243.5,243.5,0,0,26
1474094,115,51,2494,243.5,243.5,0,0,40
1026879,116,51,2494,242.5,242.5,0,0,69
1084130,117,51,2494,194,243.5,0,0,121
1461478,118,51,2494,196,243.5,0,0,80
1187475,119,51,2494,194,242.5,0,0,148
1357807,120,51,2494,196,242.5,0,0,53
1452902,121,51,2494,196,242.5,0,0,42
1406152,122,51,2494,195,244.5,0,0,55
1434800,123,51,2494,195,195,0,0,53
1122409,124,51,2494,196,194,0,0,54
1130300,125,51,2494,196,194,0,0,108
1482802,126,51,2494,195,196,0,0,80
1078150,127,51,2494,194,196,0,0,82
1228617,128,51,2494,195,194,0,0,123
1238249,129,51,2494,195,195,0,0,134
1365907,130,51,2494,195,195,0,0,95
1277819,131,51,2494,195,195,0,0,53
1022753,132,51,2494,195,194,0,0,69
1465722,133,51,2494,196,195,0,0,68
1005626,134,51,2494,196,196,0,0,134
1145483,135,51,2494,195,194,0,0,122
1017393,136,51,2494,196,194,0,0,135
1069217,137,51,2494,196,194,0,0,80
1085371,138,51,2494,196,195,0,0,134
1472478,139,51,2494,195,194,0,0,122
1258832,140,51,2494,194,195,0,0,122
1147656,141,51,2494,195,196,0,0,95
1153934,142,51,2494,196,195,0,0,188
1107799,143,51,2494,194,194,0,0,107
1484769,144,51,2494,196,196,0,0,96
1239461,145,51,2494,194,194,0,0,123
