files/51.csv
id,week,center_id,meal_id,checkout_price,base_price,emailer_for_promotion,homepage_featured,num_orders
1289597,1,51,2760,242.53,242.53,0,0,55
1080467,2,51,2760,243.53,243.53,0,0,123
1237224,3,51,2760,243.53,241.53,0,0,53
1200339,4,51,2760,242.53,243.53,0,0,163
1443661,5,51,2760,242.53,242.53,0,0,94
1048072,6,51,2760,242.53,242.53,0,0,69
1057576,7,51,2760,243.53,243.53,0,0,136
1372354,8,51,2760,242.53,243.53,0,0,82
1073695,9,51,2760,242.53,241.53,0,0,96
1002404,10,51,2760,242.53,241.53,0,0,81
1411231,11,51,2760,241.53,242.53,0,0,80
1025063,12,51,2760,241.53,242.53,0,0,53
1369380,13,51,2760,242.53,241.53,0,0,109
1135049,14,51,2760,144.53,243.53,0,1,1608
1175917,15,51,2760,195.94,241.53,0,1,730
1438302,16,51,2760,195,241.53,0,1,405
1311448,17,51,2760,241.53,241.53,0,1,175
1390719,18,51,2760,242.53,243.53,0,1,136
1311392,19,51,2760,242.53,243.53,0,1,162
1368226,20,51,2760,241.53,241.53,0,1,162
1412327,21,51,2760,242.53,242.53,0,1,121
1052254,22,51,2760,243.53,241.53,0,0,108
1096567,23,51,2760,242.53,241.53,0,0,80
1297329,24,51,2760,243.53,242.53,0,0,94
1043927,25,51,2760,174.63,242.53,0,0,134
1449441,26,51,2760,174.63,242.53,0,0,285
1385763,27,51,2760,173.63,242.53,0,0,230
1433799,28,51,2760,242.53,243.53,0,0,67
1416858,29,51,2760,243.53,242.53,0,0,81
1452516,30,51,2760,242.53,241.53,0,0,81
1477376,31,51,2760,243.53,241.53,0,0,82
1221911,32,51,2760,241.53,242.53,0,0,108
1003486,33,51,2760,243.53,242.53,0,0,95
1325947,34,51,2760,241.53,241.53,0,0,109
1219049,35,51,2760,243.53,242.53,0,0,150
1084733,36,51,2760,242.53,242.53,0,0,40
1228672,37,51,2760,241.53,242.53,0,0,80
1352915,38,51,2760,241.53,243.53,0,0,94
1232676,39,51,2760,184.36,243.53,0,0,107
1293378,40,51,2760,187.27,241.53,0,0,162
1225182,41,51,2760,175.63,242.53,0,0,190
1434675,42,51,2760,173.63,241.53,0,0,242
1190066,43,51,2760,243.53,242.53,0,0,161
1385422,44,51,2760,241.53,241.53,0,0,148
1063404,45,51,2760,241.53,242.53,0,0,203
1060563,46,51,2760,199.88,243.53,0,0,258
1318740,47,51,2760,193.03,241.53,0,0,215
1085015,48,51,2760,194.03,241.53,0,0,323
1058160,49,51,2760,241.53,241.53,0,0,189
1471051,50,51,2760,243.53,241.53,0,0,163
1172764,51,51,2760,241.53,243.53,0,0,163
1159194,52,51,2760,242.53,241.53,0,0,175
1461102,53,51,2760,218.25,218.25,0,0,149
1230461,54,51,2760,220.25,220.25,0,0,190
1353591,55,51,2760,219.25,218.25,0,0,69
1019099,56,51,2760,223.1,223.1,0,0,134
1327573,57,51,2760,241.53,241.53,0,0,161
1100644,58,51,2760,242.53,242.53,0,0,95
1437180,59,51,2760,220.25,219.25,0,0,136
1057391,60,51,2760,212.43,219.25,0,1,297
1419862,61,51,2760,214.43,212.43,0,0,404
1234399,62,51,2760,214.43,213.43,0,1,54
1412639,63,51,2760,243.53,242.53,0,0,81
1335947,64,51,2760,243.53,242.53,0,0,122
1018044,65,51,2760,243.53,241.53,0,0,149
1097640,66,51,2760,224.13,224.13,0,0,176
1007963,67,51,2760,225.1,225.1,0,0,217
1362115,68,51,2760,225.04,226.04,0,0,176
1358377,69,51,2760,242.53,241.53,0,0,189
1100200,70,51,2760,240.62,239.62,0,0,121
1190354,71,51,2760,243.53,242.53,0,0,136
1435148,72,51,2760,241.53,241.53,0,0,149
1048190,73,51,2760,242.53,242.53,0,0,190
1094915,74,51,2760,243.53,242.53,0,0,203
1152880,75,51,2760,242.53,243.53,0,0,94
1489462,76,51,2760,242.53,242.53,0,0,136
1479903,77,51,2760,214.43,241.53,0,0,177
1279615,78,51,2760,221.22,221.22,0,0,122
1137570,79,51,2760,212.43,212.43,0,0,177
1275283,80,51,2760,213.43,213.43,0,0,188
1268999,81,51,2760,241.53,243.53,0,0,109
1393003,82,51,2760,242.53,243.53,0,0,121
1444791,83,51,2760,242.53,243.53,0,0,134
1097666,84,51,2760,212.43,241.53,0,0,244
1108052,85,51,2760,211.49,242.53,0,0,269
1168816,86,51,2760,242.53,242.53,0,0,150
1236453,87,51,2760,242.53,241.53,0,0,40
1205068,88,51,2760,241.53,242.53,0,0,162
1184027,89,51,2760,241.53,242.53,0,0,136
1103463,90,51,2760,242.53,242.53,0,0,177
1282259,91,51,2760,242.53,241.53,0,0,123
1249017,92,51,2760,242.53,241.53,0,0,204
1248517,93,51,2760,242.53,243.53,0,0,150
1216462,94,51,2760,242.53,241.53,0,0,217
1342645,95,51,2760,242.53,242.53,0,0,134
1284625,96,51,2760,242.53,243.53,0,0,109
1314536,97,51,2760,242.53,241.53,0,0,271
1234672,98,51,2760,243.53,242.53,0,0,202
1434163,99,51,2760,223.1,241.53,0,1,325
1078666,100,51,2760,223.1,243.53,0,1,311
1314356,101,51,2760,224.1,243.53,0,1,379
1272501,102,51,2760,224.13,243.53,0,1,432
1404671,103,51,2760,223.1,223.1,0,0,393
1032616,104,51,2760,222.13,223.1,0,1,215
1051964,105,51,2760,243.53,243.53,0,0,163
1122877,106,51,2760,243.53,241.53,0,0,123
1144205,107,51,2760,242.53,242.53,0,0,96
1026124,108,51,2760,243.53,241.53,0,0,107
1354395,109,51,2760,242.53,242.53,0,0,149
1193645,110,51,2760,242.53,243.53,0,0,82
1102066,111,51,2760,241.53,242.53,0,0,42
1309904,112,51,2760,242.53,242.53,0,0,81
1435859,113,51,2760,242.53,241.53,0,0,122
1200423,114,51,2760,242.53,243.53,0,0,42
1388201,115,51,2760,242.53,243.53,0,0,109
1371362,116,51,2760,242.53,243.53,0,0,109
1384442,117,51,2760,241.53,242.53,0,0,96
1241095,118,51,2760,243.53,241.53,0,0,108
1385234,119,51,2760,195.03,241.53,0,0,188
1456392,120,51,2760,195.94,242.53,0,0,216
1010836,121,51,2760,241.53,242.53,0,0,95
1144983,122,51,2760,239.62,239.62,0,0,96
1106721,123,51,2760,243.53,241.53,0,0,108
1471436,124,51,2760,241.53,242.53,0,0,189
1448380,125,51,2760,241.53,243.53,0,0,123
1325698,126,51,2760,242.53,241.53,0,0,80
1134022,127,51,2760,242.53,242.53,0,0,82
1299666,128,51,2760,194.03,241.53,0,0,176
1316351,129,51,2760,195.03,243.53,0,0,149
1173787,130,51,2760,194.03,242.53,0,0,122
1215461,131,51,2760,235.74,234.74,0,0,95
1130032,132,51,2760,243.53,243.53,0,0,150
1294930,133,51,2760,243.53,242.53,0,0,81
1449155,134,51,2760,242.53,241.53,0,0,94
1268705,135,51,2760,242.53,242.53,0,0,122
1204646,136,51,2760,243.53,243.53,0,0,121
1185747,137,51,2760,241.53,242.53,0,0,80
1077234,138,51,2760,242.53,243.53,0,0,42
1379198,139,51,2760,243.53,243.53,0,0,136
1300458,140,51,2760,241.53,243.53,0,0,96
1357294,141,51,2760,243.53,243.53,0,0,94
1302762,142,51,2760,242.53,242.53,0,0,54
1299379,143,51,2760,241.53,243.53,0,0,203
1047739,144,51,2760,161.99,243.53,0,0,177
1135551,145,51,2760,161.99,242.53,0,0,163
1424323,1,51,1525,242.5,280.33,0,0,323
1384677,2,51,1525,243.5,282.33,0,0,418
1028123,3,51,1525,242.5,281.33,0,0,296
1214196,4,51,1525,242.5,280.33,0,1,391
1448008,5,51,1525,290.03,292.03,0,0,189
1006813,6,51,1525,292.03,290.03,0,1,311
1128242,7,51,1525,291.03,290.03,0,0,311
1290795,8,51,1525,291.03,292.03,0,1,404
1313875,9,51,1525,291.03,290.03,0,1,406
1346393,10,51,1525,243.5,291.03,0,1,473
1018168,11,51,1525,243.53,290.03,0,1,256
1216751,12,51,1525,244.47,291.03,0,1,419
1461948,13,51,1525,290.03,290.03,0,1,323
1450896,14,51,1525,290.03,291.03,0,1,177
1123464,15,51,1525,290.03,291.03,0,1,352
1001836,16,51,1525,291.03,290.03,0,0,135
1053631,17,51,1525,292.03,291.03,0,0,258
1244849,18,51,1525,292.03,290.03,0,0,257
1202311,19,51,1525,292.03,291.03,0,0,217
1462900,20,51,1525,291.03,291.03,0,0,270
1100049,21,51,1525,291.03,292.03,0,0,311
1146534,22,51,1525,242.5,290.03,0,0,393
1032993,23,51,1525,244.5,292.03,0,0,325
1164103,24,51,1525,246.38,292.03,0,0,298
1464928,25,51,1525,291.03,290.03,0,0,257
1434276,26,51,1525,292.03,292.03,0,0,148
1358247,27,51,1525,291.03,290.03,0,0,204
1333322,28,51,1525,262.93,292.03,0,0,338
1127119,29,51,1525,260.93,292.03,0,0,391
1496546,30,51,1525,261.93,292.03,0,0,298
1445121,31,51,1525,292.03,292.03,0,0,136
1155895,41,51,1525,290.03,290.03,0,0,68
1246520,42,51,1525,290.03,290.03,0,0,134
1473894,43,51,1525,262.87,263.87,0,0,244
1224857,44,51,1525,263.87,263.87,0,0,378
1139114,45,51,1525,263.87,263.87,0,0,244
1465648,46,51,1525,291.03,291.03,0,0,284
1239517,47,51,1525,292.03,290.03,0,0,312
1168815,48,51,1525,291.03,292.03,0,0,337
1122497,49,51,1525,292.03,290.03,0,0,243
1195309,50,51,1525,292.03,291.03,0,0,229
1479231,51,51,1525,291.03,290.03,0,0,244
1181752,52,51,1525,290.03,291.03,0,0,284
1432378,53,51,1525,292.03,291.03,0,0,256
1233704,54,51,1525,292.03,291.03,0,0,204
1139424,55,51,1525,291.03,291.03,0,0,283
1052726,56,51,1525,243.53,290.03,0,0,312
1207104,57,51,1525,244.47,290.03,0,1,392
1460598,58,51,1525,242.53,290.03,0,0,350
1108130,59,51,1525,292.03,290.03,0,0,189
1454472,60,51,1525,292.03,290.03,0,0,270
1477261,61,51,1525,290.03,292.03,0,0,256
1382461,62,51,1525,291.03,291.03,0,0,94
1250597,63,51,1525,242.53,291.03,0,0,405
1022662,64,51,1525,242.53,290.03,0,0,269
1152683,65,51,1525,241.53,292.03,0,0,312
1241659,66,51,1525,290.03,290.03,0,0,230
1035475,67,51,1525,291.03,291.03,0,0,188
1054653,68,51,1525,290.03,291.03,0,0,271
1338969,69,51,1525,292.03,291.03,0,0,231
1176939,70,51,1525,291.03,292.03,0,0,432
1396865,71,51,1525,290.03,291.03,0,0,216
1445435,72,51,1525,290.03,292.03,0,0,148
1056235,73,51,1525,244.5,291.03,0,0,420
1280157,74,51,1525,246.41,292.03,0,0,257
1097898,75,51,1525,245.44,292.03,0,0,310
1487190,76,51,1525,247.38,291.03,0,0,447
1181973,77,51,1525,291.03,291.03,0,0,204
1437298,78,51,1525,290.03,290.03,0,0,310
1015631,79,51,1525,290.03,291.03,0,0,242
1087315,80,51,1525,244.5,292.03,0,1,647
1038604,81,51,1525,247.41,290.03,0,1,540
1153221,82,51,1525,242.53,291.03,0,1,553
1155150,83,51,1525,292.03,292.03,0,1,582
1202031,84,51,1525,290.03,292.03,0,1,500
1356773,85,51,1525,243.47,290.03,0,1,566
1275828,86,51,1525,243.47,290.03,0,1,674
1082908,87,51,1525,244.47,290.03,0,1,580
1264838,88,51,1525,242.5,291.03,0,1,474
1165834,89,51,1525,290.03,292.03,0,1,310
1256109,90,51,1525,290.03,292.03,0,1,269
1295095,91,51,1525,291.03,292.03,0,1,323
1089158,92,51,1525,292.03,291.03,0,1,581
1375395,93,51,1525,292.03,291.03,0,1,406
1047980,94,51,1525,291.03,291.03,0,1,499
1360107,95,51,1525,290.03,290.03,0,1,325
1149799,96,51,1525,241.53,291.03,0,1,877
1384109,97,51,1525,243.5,290.03,0,1,539
1205973,98,51,1525,243.53,292.03,0,1,609
1355815,99,51,1525,291.03,291.03,0,1,447
1377589,100,51,1525,291.03,292.03,0,1,310
1357266,101,51,1525,291.03,292.03,0,1,379
1047521,102,51,1525,290.03,290.03,0,1,365
1358718,103,51,1525,290.03,292.03,0,1,458
1289239,104,51,1525,242.5,292.03,0,1,688
1244994,105,51,1525,244.5,291.03,0,1,716
1313794,106,51,1525,244.5,292.03,0,1,499
1216083,107,51,1525,242.5,292.03,0,1,567
1172038,108,51,1525,260.93,292.03,0,1,365
1150769,109,51,1525,261.93,292.03,0,1,500
1031762,110,51,1525,242.5,291.03,0,1,472
1491142,111,51,1525,242.5,290.03,0,1,634
1280888,112,51,1525,241.53,292.03,0,1,459
1314134,113,51,1525,242.53,290.03,0,1,663
1279150,114,51,1525,241.53,292.03,0,1,474
1137347,115,51,1525,290.03,292.03,0,1,258
1071568,116,51,1525,291.03,292.03,0,1,420
1085994,117,51,1525,292.03,292.03,0,1,473
1007528,118,51,1525,290.03,291.03,0,1,391
1039358,119,51,1525,291.03,291.03,0,1,406
1359773,120,51,1525,290.03,290.03,0,1,392
1253821,121,51,1525,243.5,292.03,0,0,540
1439757,122,51,1525,234.77,290.03,0,1,595
1294335,123,51,1525,230.86,292.03,0,1,539
1353912,124,51,1525,319.13,292.03,0,1,339
1121422,125,51,1525,321.13,292.03,0,1,324
1373020,126,51,1525,321.13,291.03,0,1,487
1187798,127,51,1525,319.13,291.03,0,1,420
1322267,128,51,1525,319.13,291.03,0,1,352
1277428,129,51,1525,321.13,290.03,0,1,392
1269839,130,51,1525,321.13,292.03,0,1,350
1284926,131,51,1525,277.45,290.03,0,1,540
1428951,132,51,1525,259.96,292.03,0,1,446
1129561,133,51,1525,257.08,292.03,0,1,539
1240933,134,51,1525,321.13,291.03,0,1,393
1239585,135,51,1525,321.13,292.03,0,1,364
1026648,136,51,1525,320.13,291.03,0,1,325
1275887,137,51,1525,252.2,290.03,0,1,744
1276448,138,51,1525,254.2,292.03,0,1,419
1204545,139,51,1525,260.93,290.03,0,1,460
1408123,140,51,1525,300.7,291.03,0,1,378
1023409,141,51,1525,319.13,292.03,0,1,405
1297265,142,51,1525,319.13,292.03,0,1,377
1438383,143,51,1525,319.13,291.03,0,1,379
1121856,144,51,1525,321.13,291.03,0,1,285
1299679,145,51,1525,319.13,292.03,0,1,311
1067769,1,51,2704,244.5,280.33,0,0,94
1079000,2,51,2704,248.35,282.33,0,0,107
1067374,3,51,2704,242.5,281.33,0,1,204
1330658,4,51,2704,244.5,282.33,0,1,150
1115556,5,51,2704,290.03,281.33,0,1,68
1269355,6,51,2704,292.03,281.33,0,1,94
1297463,7,51,2704,290.03,282.33,0,1,204
1174239,8,51,2704,290.03,282.33,0,1,135
1489679,9,51,2704,292.03,280.33,0,1,121
1230044,10,51,2704,243.53,281.33,0,0,189
1269913,11,51,2704,243.53,280.33,0,0,80
1431804,12,51,2704,241.53,280.33,0,0,95
1219393,13,51,2704,292.03,290.03,0,0,121
1477703,14,51,2704,290.03,292.03,0,0,96
1140234,15,51,2704,292.03,292.03,0,1,42
1282478,16,51,2704,291.03,291.03,0,0,40
1045542,17,51,2704,291.03,292.03,0,0,54
1426091,18,51,2704,291.03,292.03,0,0,69
1039171,19,51,2704,292.03,291.03,0,0,55
1064807,20,51,2704,292.03,291.03,0,0,69
1336039,21,51,2704,292.03,292.03,0,0,108
1113856,22,51,2704,244.5,291.03,0,0,54
1312992,23,51,2704,242.5,292.03,0,0,121
1402666,24,51,2704,242.5,290.03,0,0,68
1285503,25,51,2704,292.03,290.03,0,0,55
1094993,26,51,2704,291.03,292.03,0,0,69
1412856,27,51,2704,292.03,291.03,0,0,69
1206409,28,51,2704,262.93,290.03,0,0,68
1464756,29,51,2704,262.93,290.03,0,0,41
1210486,30,51,2704,261.93,290.03,0,0,69
1186384,31,51,2704,291.03,292.03,0,0,26
1169372,32,51,2704,291.03,292.03,0,0,15
1284670,42,51,2704,292.03,291.03,0,0,28
1095236,43,51,2704,263.87,264.87,0,0,67
1383805,44,51,2704,262.87,264.87,0,0,148
1384491,45,51,2704,263.87,262.87,0,0,134
1268578,46,51,2704,290.03,290.03,0,0,95
1447330,47,51,2704,292.03,290.03,0,0,81
1472588,48,51,2704,292.03,291.03,0,0,109
1273042,49,51,2704,290.03,291.03,0,0,175
1293850,50,51,2704,290.03,291.03,0,0,122
1321171,51,51,2704,292.03,291.03,0,0,149
1269908,52,51,2704,291.03,290.03,0,0,176
1250577,53,51,2704,291.03,291.03,0,0,109
1215816,54,51,2704,291.03,292.03,0,0,217
1398957,55,51,2704,292.03,290.03,0,0,108
1273959,56,51,2704,242.53,291.03,0,1,150
1070635,57,51,2704,242.53,290.03,0,1,391
1037738,58,51,2704,242.53,291.03,0,1,136
1430285,59,51,2704,292.03,292.03,0,1,94
1071726,60,51,2704,291.03,292.03,0,0,96
1367664,61,51,2704,291.03,292.03,0,0,134
1111067,62,51,2704,290.03,290.03,0,0,14
1195864,63,51,2704,242.5,290.03,0,0,297
1197669,64,51,2704,242.53,292.03,0,0,122
1435895,65,51,2704,242.53,291.03,0,0,134
1076225,66,51,2704,292.03,290.03,0,0,149
1454636,67,51,2704,292.03,290.03,0,0,53
1031508,68,51,2704,292.03,291.03,0,0,109
1464060,69,51,2704,290.03,290.03,0,0,81
1126234,70,51,2704,292.03,292.03,0,0,109
1276284,71,51,2704,291.03,291.03,0,0,161
1290955,72,51,2704,290.03,291.03,0,0,67
1284124,73,51,2704,244.5,292.03,0,0,256
1278202,74,51,2704,244.5,290.03,0,0,189
1041669,75,51,2704,242.5,292.03,0,0,163
1331993,76,51,2704,244.5,291.03,0,0,203
1084217,77,51,2704,290.03,292.03,0,0,40
1289326,78,51,2704,290.03,290.03,0,0,150
1423464,79,51,2704,290.03,291.03,0,0,81
1464663,80,51,2704,243.47,292.03,0,1,310
1283469,81,51,2704,243.53,290.03,0,1,244
1185557,82,51,2704,242.53,290.03,0,1,285
1402377,83,51,2704,291.03,290.03,0,1,312
1069276,84,51,2704,291.03,291.03,0,1,215
1453030,85,51,2704,242.5,290.03,0,1,283
1411969,86,51,2704,244.5,291.03,0,1,230
1273628,87,51,2704,244.5,290.03,0,0,271
1144008,88,51,2704,244.5,290.03,0,1,242
1206671,89,51,2704,290.03,291.03,0,1,231
1159866,90,51,2704,291.03,291.03,0,1,215
1374014,91,51,2704,292.03,291.03,0,1,161
1494669,92,51,2704,290.03,291.03,0,1,216
1227613,93,51,2704,290.03,291.03,0,1,161
1354305,94,51,2704,290.03,291.03,0,1,244
1315012,95,51,2704,290.03,292.03,0,1,190
1144640,96,51,2704,243.53,290.03,0,1,324
1299225,97,51,2704,241.53,292.03,0,1,325
1213242,98,51,2704,242.53,292.03,0,1,431
1143379,99,51,2704,291.03,291.03,0,1,202
1130030,100,51,2704,290.03,290.03,0,1,323
1497217,101,51,2704,291.03,290.03,0,1,229
1325935,102,51,2704,290.03,291.03,0,1,364
1274903,103,51,2704,291.03,292.03,0,1,378
1238426,104,51,2704,243.5,291.03,0,1,311
1214939,105,51,2704,243.5,291.03,0,0,379
1380553,106,51,2704,243.5,291.03,0,1,433
1365084,107,51,2704,242.5,292.03,0,1,298
1172979,108,51,2704,260.93,291.03,0,1,323
1041914,109,51,2704,262.93,292.03,0,1,366
1459464,110,51,2704,242.53,292.03,0,1,297
1092261,111,51,2704,243.53,292.03,0,1,325
1480712,112,51,2704,241.53,290.03,0,1,311
1488984,113,51,2704,241.53,292.03,0,1,379
1324530,114,51,2704,243.53,292.03,0,1,500
1135185,115,51,2704,290.03,290.03,0,0,243
1006249,116,51,2704,290.03,291.03,0,1,270
1440949,117,51,2704,292.03,291.03,0,1,177
1388257,118,51,2704,292.03,292.03,0,1,271
1429044,119,51,2704,290.03,292.03,0,1,229
1168472,120,51,2704,291.03,290.03,0,1,323
1185273,121,51,2704,241.53,290.03,0,0,297
1473050,122,51,2704,228.98,292.03,0,1,459
1476495,123,51,2704,235.74,292.03,0,1,377
1333130,124,51,2704,319.13,292.03,0,1,122
1008919,125,51,2704,320.13,320.13,0,0,202
1292521,126,51,2704,320.13,320.13,0,0,150
1409148,127,51,2704,319.13,319.13,0,1,258
1014640,128,51,2704,320.13,319.13,0,1,271
1461762,129,51,2704,319.13,320.13,0,1,177
1240112,130,51,2704,320.13,319.13,0,1,339
1143012,131,51,2704,288.15,320.13,0,1,258
1164324,132,51,2704,257.11,320.13,0,1,377
1255770,133,51,2704,260.99,320.13,0,1,230
1172986,134,51,2704,314.28,319.13,0,1,134
1327695,135,51,2704,320.13,321.13,0,1,269
1122453,136,51,2704,321.13,321.13,0,1,163
1051716,137,51,2704,253.23,319.13,0,1,378
1463242,138,51,2704,243.47,320.13,0,1,379
1267723,139,51,2704,261.93,319.13,0,1,242
1086810,140,51,2704,303.61,321.13,0,1,296
1141765,141,51,2704,321.13,320.13,0,1,216
1045242,142,51,2704,319.13,321.13,0,1,270
1498641,143,51,2704,321.13,319.13,0,1,229
1448204,144,51,2704,321.13,320.13,0,1,231
1213771,145,51,2704,319.13,321.13,0,1,162
