files/51.csv
id,week,center_id,meal_id,checkout_price,base_price,emailer_for_promotion,homepage_featured,num_orders
1049281,1,51,2492,389.03,387.03,0,0,53
1208930,2,51,2492,389.03,387.03,0,0,28
1430480,3,51,2492,387.03,387.03,0,0,40
1092641,4,51,2492,387.03,387.03,0,0,69
1241003,5,51,2492,389.03,387.03,0,0,68
1298600,6,51,2492,388.03,388.03,0,0,27
1200662,7,51,2492,388.03,389.03,0,0,40
1337128,8,51,2492,389.03,387.03,0,1,95
1496364,9,51,2492,389.03,387.03,0,1,41
1237436,10,51,2492,389.03,389.03,0,0,26
1431735,11,51,2492,387.03,389.03,0,0,41
1131691,12,51,2492,387.03,389.03,0,0,69
1232714,13,51,2492,387.03,388.03,0,0,67
1204558,14,51,2492,389.03,387.03,0,0,13
1143279,15,51,2492,389.03,389.03,0,0,41
1214035,16,51,2492,388.03,388.03,0,0,55
1229674,17,51,2492,389.03,387.03,0,0,82
1310597,18,51,2492,387.03,387.03,0,0,28
1489845,19,51,2492,389.03,388.03,0,0,40
1230645,20,51,2492,389.03,387.03,0,0,41
1025614,22,51,2492,388.03,387.03,0,0,14
1131386,23,51,2492,389.03,387.03,0,0,55
1440662,24,51,2492,389.03,389.03,0,0,15
1325703,25,51,2492,388.03,388.03,0,0,28
1401244,26,51,2492,389.03,387.03,0,0,28
1209480,27,51,2492,389.03,387.03,0,0,26
1267561,28,51,2492,291,388.03,1,0,202
1277358,29,51,2492,300.76,388.03,1,0,177
1066438,30,51,2492,292,388.03,0,0,28
1083498,31,51,2492,291,387.03,0,0,42
1453640,32,51,2492,388.03,388.03,0,0,15
1147469,33,51,2492,389.03,387.03,0,0,13
1031052,34,51,2492,389.03,387.03,0,0,27
1066901,35,51,2492,387.03,388.03,0,0,26
1043761,37,51,2492,387.03,387.03,0,0,15
1327754,38,51,2492,387.03,387.03,0,0,14
1424665,39,51,2492,388.03,387.03,0,0,27
1269267,40,51,2492,387.03,389.03,0,0,15
1175215,41,51,2492,388.03,388.03,0,0,15
1402398,42,51,2492,387.03,388.03,0,0,26
1481607,43,51,2492,388.03,387.03,0,0,15
1027601,44,51,2492,389.03,389.03,0,1,15
1158039,45,51,2492,290.03,387.03,0,1,54
1166327,46,51,2492,290.03,387.03,0,1,54
1478703,47,51,2492,290.03,389.03,0,1,41
1232077,48,51,2492,291.03,388.03,0,1,42
1381658,49,51,2492,389.03,389.03,0,1,14
1497193,50,51,2492,387.03,388.03,0,1,26
1465090,53,51,2492,389.03,387.03,0,0,26
1136640,54,51,2492,388.03,389.03,0,0,14
1294736,55,51,2492,388.03,388.03,0,0,53
1093749,56,51,2492,387.03,389.03,0,0,27
1017651,57,51,2492,389.03,388.03,0,0,28
1471299,59,51,2492,387.03,389.03,0,0,26
1015091,60,51,2492,387.03,387.03,0,0,27
1208121,61,51,2492,388.03,389.03,0,0,27
1070452,62,51,2492,388.03,389.03,0,0,15
1460508,63,51,2492,293,388.03,1,0,94
1292732,64,51,2492,292,388.03,1,0,163
1225091,65,51,2492,389.03,389.03,0,0,40
1351340,66,51,2492,388.03,388.03,0,0,28
1425655,67,51,2492,388.03,388.03,0,0,15
1494573,68,51,2492,387.03,389.03,0,0,26
1212195,69,51,2492,387.03,387.03,0,0,28
1361120,70,51,2492,387.03,388.03,0,0,28
1029357,72,51,2492,389.03,387.03,0,0,14
1019445,73,51,2492,388.03,389.03,0,0,41
1373140,74,51,2492,388.03,387.03,0,0,53
1036169,75,51,2492,389.03,389.03,0,0,13
1400697,76,51,2492,389.03,388.03,0,0,13
1073383,77,51,2492,387.03,387.03,0,0,41
1424638,78,51,2492,388.03,387.03,0,0,15
1162086,79,51,2492,388.03,387.03,0,0,15
1129228,80,51,2492,293,387.03,0,0,41
1002838,81,51,2492,293,387.03,1,0,80
1321922,82,51,2492,292,389.03,0,0,27
1152601,83,51,2492,291,387.03,0,0,69
1230910,85,51,2492,388.03,387.03,0,0,42
1025816,86,51,2492,387.03,389.03,0,0,69
1032914,87,51,2492,388.03,389.03,0,0,15
1351665,88,51,2492,388.03,388.03,0,0,26
1240423,89,51,2492,389.03,388.03,0,0,26
1479784,90,51,2492,388.03,389.03,0,0,27
1304921,91,51,2492,388.03,388.03,0,0,55
1308826,92,51,2492,387.03,388.03,0,0,54
1325778,93,51,2492,388.03,388.03,0,0,27
1289295,94,51,2492,387.03,388.03,0,0,94
1143860,95,51,2492,387.03,388.03,0,0,42
1482426,96,51,2492,293,387.03,0,0,53
1470060,97,51,2492,292,388.03,0,0,55
1031609,98,51,2492,293,389.03,0,0,15
1490388,99,51,2492,291,389.03,0,0,107
1187820,100,51,2492,387.03,387.03,0,0,26
1027943,101,51,2492,387.03,387.03,0,0,27
1380375,102,51,2492,387.03,387.03,0,0,14
1132968,103,51,2492,387.03,388.03,0,0,13
1171160,105,51,2492,389.03,387.03,0,0,68
1103738,106,51,2492,387.03,388.03,0,0,41
1481467,107,51,2492,387.03,388.03,0,0,26
1447298,108,51,2492,341.5,388.03,0,0,54
1334920,109,51,2492,340.5,388.03,0,0,109
1425195,110,51,2492,389.03,387.03,0,0,69
1114539,112,51,2492,388.03,388.03,0,0,28
1312715,113,51,2492,388.03,389.03,0,0,69
1200817,114,51,2492,389.03,387.03,0,0,53
1078208,115,51,2492,389.03,387.03,0,0,55
1394852,116,51,2492,387.03,387.03,0,0,26
1207582,117,51,2492,389.03,389.03,0,0,96
1256699,118,51,2492,389.03,388.03,0,0,27
1007385,119,51,2492,388.03,388.03,0,0,15
1313246,120,51,2492,339.5,389.03,1,0,68
1172111,121,51,2492,339.5,388.03,0,0,14
1367519,122,51,2492,323.07,389.03,0,0,80
1077737,123,51,2492,315.25,387.03,0,0,27
1209130,124,51,2492,388.03,389.03,0,0,28
1287768,125,51,2492,389.03,387.03,0,0,28
1370662,126,51,2492,389.03,389.03,0,0,28
1263141,127,51,2492,388.03,387.03,0,0,28
1406404,128,51,2492,388.03,387.03,0,0,95
1494882,129,51,2492,388.03,387.03,0,0,81
1150072,130,51,2492,387.03,387.03,0,0,80
1466622,131,51,2492,387.03,388.03,0,0,40
1247425,132,51,2492,268.75,388.03,0,1,420
1045178,133,51,2492,265.78,388.03,0,1,297
1173523,134,51,2492,308.46,387.03,0,1,107
1367524,135,51,2492,292.03,389.03,0,1,312
1426716,136,51,2492,388.03,387.03,0,0,55
1293419,137,51,2492,387.03,387.03,0,0,95
1119780,138,51,2492,389.03,387.03,0,0,54
1142969,139,51,2492,388.03,389.03,0,0,13
1111798,140,51,2492,387.03,388.03,0,0,28
1112514,141,51,2492,340.47,388.03,0,0,55
1324965,142,51,2492,340.47,389.03,0,0,15
1184289,143,51,2492,389.03,387.03,0,0,54
1383687,144,51,2492,387.03,389.03,0,0,42
1434646,145,51,2492,387.03,389.03,0,0,42
1407263,1,51,1543,484.03,485.03,0,0,121
1032766,2,51,1543,485.03,485.03,0,0,109
1358129,3,51,1543,484.03,485.03,0,0,55
1497988,4,51,1543,486.03,485.03,0,0,82
1497526,5,51,1543,485.03,486.03,0,0,68
1467524,6,51,1543,436.5,438.5,0,0,67
1156023,7,51,1543,416.13,418.13,0,0,94
1473344,8,51,1543,437.5,436.5,0,0,40
1455463,9,51,1543,438.5,437.5,0,0,69
1364078,10,51,1543,484.03,485.03,0,0,81
1192500,11,51,1543,485.03,484.03,0,0,26
1375951,12,51,1543,485.03,486.03,0,0,94
1306962,13,51,1543,455.93,456.93,0,0,68
1281378,14,51,1543,485.03,485.03,0,0,53
1262156,15,51,1543,484.03,484.03,0,0,69
1381409,16,51,1543,485.03,486.03,0,0,26
1400326,18,51,1543,387.03,484.03,0,0,54
1019794,19,51,1543,388.03,484.03,0,0,28
1428382,20,51,1543,388.03,486.03,0,0,69
1221156,21,51,1543,388.03,484.03,0,0,15
1147204,22,51,1543,486.03,484.03,0,0,42
1201128,23,51,1543,486.03,484.03,0,0,55
1030715,24,51,1543,485.03,486.03,0,0,42
1126841,25,51,1543,485.03,486.03,0,0,53
1421676,26,51,1543,484.03,486.03,0,0,41
1490497,27,51,1543,484.03,486.03,0,0,54
1151258,28,51,1543,485.03,485.03,0,0,28
1180685,31,51,1543,484.03,485.03,0,0,41
1339213,32,51,1543,388.03,484.03,1,0,96
1325308,33,51,1543,387.03,485.03,0,1,134
1070422,34,51,1543,389.03,485.03,0,1,94
1423037,35,51,1543,388.03,486.03,0,0,108
1107028,36,51,1543,452.02,452.02,0,0,40
1001438,37,51,1543,485.03,484.03,0,0,69
1475449,38,51,1543,486.03,486.03,0,0,13
1365736,39,51,1543,486.03,485.03,0,0,27
1061686,40,51,1543,484.03,484.03,0,0,27
1256787,41,51,1543,485.03,485.03,0,0,55
1485198,42,51,1543,486.03,486.03,0,0,55
1455910,43,51,1543,389,486.03,1,1,134
1361184,44,51,1543,388,484.03,1,1,136
1043043,45,51,1543,389,485.03,0,1,109
1439665,46,51,1543,388,484.03,0,1,41
1272591,48,51,1543,485.03,486.03,0,0,40
1279344,49,51,1543,485.03,485.03,0,0,28
1333260,50,51,1543,484.03,486.03,0,0,121
1027976,51,51,1543,485.03,486.03,0,0,41
1410580,52,51,1543,484.03,484.03,0,0,109
1070356,53,51,1543,486.03,485.03,0,0,40
1458795,54,51,1543,484.03,484.03,0,0,81
1106110,55,51,1543,388.03,485.03,1,0,121
1342401,56,51,1543,389.03,484.03,0,0,69
1434476,57,51,1543,389.03,484.03,0,0,53
1112940,58,51,1543,389.03,486.03,0,0,68
1122665,59,51,1543,484.03,486.03,0,0,82
1264794,60,51,1543,485.03,485.03,0,0,80
1273866,61,51,1543,484.03,485.03,0,0,26
1035210,63,51,1543,484.03,485.03,0,0,55
1452623,64,51,1543,485.03,485.03,0,0,67
1368157,65,51,1543,485.03,485.03,0,0,108
1171744,66,51,1543,484.03,484.03,0,0,28
1283295,67,51,1543,486.03,485.03,0,0,68
1102022,68,51,1543,484.03,486.03,0,0,15
1337384,69,51,1543,486.03,486.03,0,0,67
1442912,70,51,1543,484.03,486.03,0,0,81
1141148,71,51,1543,486.03,484.03,0,0,108
1172016,72,51,1543,376.39,484.03,1,0,136
1182762,73,51,1543,388.03,485.03,0,0,122
1419758,74,51,1543,389.03,484.03,0,0,68
1122829,75,51,1543,389.03,486.03,0,0,54
1145956,76,51,1543,484.03,484.03,0,0,15
1128987,77,51,1543,484.03,485.03,0,0,26
1075782,78,51,1543,486.03,485.03,0,0,80
1092763,79,51,1543,484.03,485.03,0,0,28
1466412,80,51,1543,484.03,484.03,0,0,95
1231034,81,51,1543,486.03,486.03,0,0,80
1241380,82,51,1543,485.03,485.03,0,0,136
1227998,83,51,1543,389.03,484.03,0,0,95
1370377,84,51,1543,387.03,485.03,0,0,96
1277727,85,51,1543,388.03,486.03,0,0,68
1028429,86,51,1543,387.03,486.03,0,0,67
1339642,87,51,1543,486.03,486.03,0,0,96
1168177,88,51,1543,484.03,486.03,0,0,67
1117469,89,51,1543,484.03,486.03,0,0,95
1374887,90,51,1543,485.03,484.03,0,0,95
1180734,91,51,1543,485.03,484.03,0,0,40
1093563,92,51,1543,484.03,485.03,0,0,40
1463700,93,51,1543,485.03,486.03,0,0,121
1052066,94,51,1543,486.03,484.03,0,0,80
1233997,95,51,1543,486.03,485.03,0,0,80
1348792,96,51,1543,485.03,484.03,0,0,13
1099503,97,51,1543,486.03,485.03,0,0,81
1476501,98,51,1543,485.03,484.03,0,0,40
1430721,99,51,1543,484.03,485.03,0,0,121
1261995,100,51,1543,486.03,484.03,0,0,96
1066851,101,51,1543,484.03,484.03,0,0,40
1197559,102,51,1543,485.03,486.03,0,0,81
1313617,103,51,1543,485.03,484.03,0,0,13
1042112,104,51,1543,484.03,486.03,0,0,123
1084320,105,51,1543,484.03,486.03,0,0,68
1411947,106,51,1543,486.03,485.03,0,0,109
1121646,107,51,1543,486.03,486.03,0,0,69
1230892,108,51,1543,485.03,486.03,0,0,123
1089921,109,51,1543,485.03,484.03,0,0,26
1446714,110,51,1543,473.39,474.39,0,0,69
1372758,111,51,1543,473.39,473.39,0,0,96
1155143,112,51,1543,464.63,464.63,0,0,175
1092592,113,51,1543,474.39,474.39,0,0,53
1190380,114,51,1543,474.39,474.39,0,0,161
1262330,115,51,1543,474.39,473.39,0,0,54
1031720,116,51,1543,473.39,473.39,0,0,190
1207342,117,51,1543,388.03,473.39,0,1,231
1247888,118,51,1543,397.7,474.39,0,0,108
1221057,119,51,1543,389.03,473.39,0,0,231
1325088,120,51,1543,387.03,473.39,0,0,149
1463703,121,51,1543,470.51,469.51,0,0,40
1007645,122,51,1543,470.51,469.51,0,0,41
1277687,123,51,1543,470.51,470.51,0,0,108
1483367,124,51,1543,468.51,470.51,0,0,68
1497276,125,51,1543,387.03,469.51,0,1,217
1480113,126,51,1543,389.03,468.51,0,0,148
1093514,127,51,1543,389.03,469.51,0,0,149
1321848,128,51,1543,388.03,470.51,0,0,108
1265500,129,51,1543,453.02,454.02,0,0,135
1308662,130,51,1543,468.51,468.51,0,0,149
1161595,131,51,1543,469.51,469.51,0,0,149
1308631,132,51,1543,468.51,468.51,0,0,108
1177916,133,51,1543,484.09,484.09,0,0,162
1333583,134,51,1543,483.09,483.09,0,0,67
1397647,135,51,1543,486.03,486.03,0,0,150
1454336,136,51,1543,486.03,485.03,0,0,40
1090851,137,51,1543,359.87,485.03,1,0,339
1255045,138,51,1543,374.45,486.03,1,0,188
1306550,139,51,1543,389.03,485.03,0,0,190
1165325,140,51,1543,476.27,476.27,0,0,176
1363961,141,51,1543,484.03,485.03,0,0,109
1474649,142,51,1543,484.03,484.03,0,0,68
1187955,143,51,1543,486.03,484.03,0,0,82
1493620,144,51,1543,485.03,485.03,0,0,176
1144476,145,51,1543,485.03,486.03,0,0,150
1468124,1,51,2304,485.03,484.03,0,0,176
1115737,2,51,2304,486.03,484.03,0,0,28
1094170,4,51,2304,484.03,484.03,0,0,28
1227636,5,51,2304,486.03,485.03,0,0,40
1275251,6,51,2304,436.5,438.5,0,0,55
1283126,7,51,2304,437.5,437.5,0,0,67
1217984,8,51,2304,436.5,437.5,0,0,13
1181399,9,51,2304,436.5,437.5,0,0,41
1344896,10,51,2304,485.03,486.03,0,0,26
1175308,11,51,2304,485.03,486.03,0,1,68
1265314,12,51,2304,484.03,484.03,0,0,14
1249242,13,51,2304,485.03,485.03,0,0,67
1377278,14,51,2304,485.03,484.03,0,0,14
1211242,15,51,2304,485.03,484.03,0,0,40
1469696,16,51,2304,486.03,486.03,0,0,27
1330563,17,51,2304,389.03,486.03,0,0,13
1323265,19,51,2304,389.03,485.03,0,0,40
1381706,20,51,2304,387.03,484.03,0,0,14
1179035,21,51,2304,456.9,455.9,0,0,96
1114604,23,51,2304,485.03,484.03,0,0,14
1208844,24,51,2304,484.03,486.03,0,0,67
1447402,25,51,2304,485.03,485.03,0,0,13
1222724,26,51,2304,486.03,484.03,0,0,68
1378535,27,51,2304,486.03,485.03,0,0,14
1349207,28,51,2304,486.03,484.03,0,0,27
1385437,29,51,2304,484.03,486.03,0,0,13
1010860,30,51,2304,484.03,486.03,0,0,26
1113938,31,51,2304,485.03,485.03,0,0,26
1067667,32,51,2304,388.03,485.03,1,0,54
1311870,33,51,2304,389.03,484.03,0,0,108
1332903,34,51,2304,387.03,484.03,0,0,67
1310732,35,51,2304,387.03,486.03,0,0,27
1493054,36,51,2304,485.03,484.03,0,0,55
1383334,37,51,2304,485.03,484.03,0,0,55
1124346,38,51,2304,485.03,484.03,0,0,27
1193314,39,51,2304,484.03,484.03,0,0,80
1454591,40,51,2304,485.03,486.03,0,0,81
1227863,41,51,2304,484.03,486.03,0,0,26
1284368,42,51,2304,486.03,484.03,0,0,108
1031095,43,51,2304,389,486.03,1,1,379
1460323,44,51,2304,389,485.03,1,0,230
1012790,45,51,2304,388,484.03,0,0,136
1032468,46,51,2304,388,486.03,0,0,82
1227621,47,51,2304,485.03,485.03,0,0,41
1350984,48,51,2304,484.03,484.03,0,0,96
1182715,49,51,2304,486.03,486.03,0,0,107
1489910,50,51,2304,486.03,485.03,0,0,80
1087897,51,51,2304,486.03,486.03,0,0,27
1481483,52,51,2304,486.03,486.03,0,0,41
1036293,53,51,2304,485.03,484.03,0,0,94
1187897,54,51,2304,486.03,486.03,0,0,109
1120600,55,51,2304,388.03,485.03,1,0,94
1327488,56,51,2304,387.03,485.03,0,0,55
1299674,57,51,2304,388.03,484.03,0,0,69
1301737,58,51,2304,388.03,484.03,0,0,81
1242401,59,51,2304,484.03,484.03,0,0,80
1240524,60,51,2304,485.03,484.03,0,0,27
1109394,61,51,2304,486.03,486.03,0,0,28
1100303,62,51,2304,485.03,484.03,0,0,27
1456107,63,51,2304,486.03,486.03,0,0,82
1432877,64,51,2304,484.03,485.03,0,0,69
1225949,65,51,2304,484.03,486.03,0,0,80
1167020,66,51,2304,485.03,486.03,0,0,67
1096350,67,51,2304,484.03,485.03,0,0,42
1189621,68,51,2304,484.03,485.03,0,0,82
1325761,69,51,2304,484.03,485.03,0,0,26
1465025,70,51,2304,484.03,484.03,0,0,27
1237766,71,51,2304,485.03,485.03,0,0,68
1247760,72,51,2304,375.39,485.03,1,1,339
1462182,73,51,2304,389.03,484.03,0,0,107
1498358,74,51,2304,389.03,486.03,0,0,80
1293070,75,51,2304,388.03,484.03,0,0,148
1441313,76,51,2304,485.03,486.03,0,0,80
1146982,77,51,2304,485.03,484.03,0,0,96
1276664,78,51,2304,486.03,485.03,0,0,121
1441291,79,51,2304,485.03,485.03,0,0,42
1003379,80,51,2304,486.03,486.03,0,0,40
1226745,81,51,2304,486.03,484.03,0,0,121
1369745,82,51,2304,484.03,486.03,0,0,26
1124595,83,51,2304,388.03,486.03,0,1,108
1316237,84,51,2304,387.03,484.03,0,0,53
1159181,85,51,2304,387.03,485.03,0,0,135
1400553,86,51,2304,388.03,484.03,0,0,135
1180764,87,51,2304,485.03,485.03,0,0,69
1167892,88,51,2304,484.03,486.03,0,0,53
1145144,89,51,2304,486.03,486.03,0,0,122
1457372,90,51,2304,485.03,484.03,0,0,95
1404095,91,51,2304,484.03,485.03,0,0,54
1209668,92,51,2304,486.03,484.03,0,0,42
1403411,93,51,2304,486.03,486.03,0,0,41
1071771,94,51,2304,485.03,486.03,0,0,53
1092221,95,51,2304,485.03,484.03,0,0,80
1332682,96,51,2304,484.03,484.03,0,0,107
1142828,97,51,2304,486.03,485.03,0,0,53
1360947,98,51,2304,486.03,485.03,0,0,67
1261415,99,51,2304,484.03,484.03,0,0,82
1054683,100,51,2304,484.03,484.03,0,0,95
1323187,101,51,2304,485.03,486.03,0,0,82
1437734,102,51,2304,485.03,484.03,0,0,15
1109231,104,51,2304,485.03,486.03,0,0,53
1451663,105,51,2304,486.03,485.03,0,0,67
1163894,106,51,2304,485.03,486.03,0,0,95
1474836,107,51,2304,486.03,486.03,0,0,53
1268314,108,51,2304,485.03,485.03,0,0,28
1491349,109,51,2304,484.03,484.03,0,0,108
1134338,110,51,2304,474.39,473.39,0,0,55
1027416,111,51,2304,473.39,472.39,0,0,68
1198361,112,51,2304,473.39,473.39,0,0,95
1379055,113,51,2304,473.39,473.39,0,0,216
1410242,114,51,2304,473.39,474.39,0,0,96
1242978,115,51,2304,472.39,474.39,0,0,27
1487706,116,51,2304,472.39,472.39,0,0,40
1366759,117,51,2304,388.03,474.39,0,0,217
1153548,118,51,2304,388.03,474.39,0,1,188
1473560,119,51,2304,388.03,472.39,0,1,189
1045819,120,51,2304,388.03,472.39,0,1,123
1167887,121,51,2304,387.03,472.39,0,0,14
1067230,122,51,2304,470.51,468.51,0,0,53
1209419,123,51,2304,468.51,470.51,0,0,80
1072565,124,51,2304,468.51,469.51,0,0,28
1457471,125,51,2304,389.03,468.51,0,0,123
1406280,126,51,2304,397.7,468.51,0,0,107
1281157,127,51,2304,389.03,469.51,0,0,95
1390566,128,51,2304,388.03,469.51,0,0,135
1165647,129,51,2304,469.51,469.51,0,0,54
1276024,130,51,2304,469.51,469.51,0,0,41
1025531,131,51,2304,470.51,469.51,0,0,81
1259244,132,51,2304,468.51,469.51,0,0,94
1414582,133,51,2304,484.09,482.09,0,0,122
1073210,134,51,2304,484.09,484.09,0,0,80
1176330,135,51,2304,484.03,485.03,0,0,136
1300037,136,51,2304,484.03,485.03,0,0,40
1492300,137,51,2304,370.54,486.03,1,0,243
1353081,138,51,2304,360.84,486.03,1,0,203
1447270,139,51,2304,388.03,485.03,0,0,96
1130806,140,51,2304,472.39,473.39,0,0,108
1284079,141,51,2304,486.03,486.03,0,0,80
1495540,142,51,2304,486.03,486.03,0,0,54
1235184,143,51,2304,485.03,484.03,0,0,55
1032399,144,51,2304,484.03,485.03,0,0,28
1450789,145,51,2304,484.03,485.03,0,0,80
